Flutter crash report.
Please report a bug at https://github.com/flutter/flutter/issues.

## command

flutter build apk --release

## exception

ProcessPackageException: ProcessException: Found candidates, but lacked sufficient permissions to execute "/home/workdir/artifacts/instalment_app/android/gradlew".
  Command: /home/workdir/artifacts/instalment_app/android/gradlew 

```
#0      LocalProcessManager.start (package:process/src/interface/local_process_manager.dart:56:7)
#1      ErrorHandlingProcessManager.start.<anonymous closure> (package:flutter_tools/src/base/error_handling_io.dart:699:24)
#2      _run (package:flutter_tools/src/base/error_handling_io.dart:569:20)
#3      ErrorHandlingProcessManager.start (package:flutter_tools/src/base/error_handling_io.dart:698:12)
#4      _DefaultProcessUtils.start (package:flutter_tools/src/base/process.dart:520:28)
#5      _DefaultProcessUtils.stream (package:flutter_tools/src/base/process.dart:540:35)
#6      AndroidGradleBuilder.buildGradleApp (package:flutter_tools/src/android/gradle.dart:469:38)
<asynchronous suspension>
#7      AndroidGradleBuilder.buildApk (package:flutter_tools/src/android/gradle.dart:224:5)
<asynchronous suspension>
#8      BuildApkCommand.runCommand (package:flutter_tools/src/commands/build_apk.dart:141:5)
<asynchronous suspension>
#9      FlutterCommand.run.<anonymous closure> (package:flutter_tools/src/runner/flutter_command.dart:1408:27)
<asynchronous suspension>
#10     AppContext.run.<anonymous closure> (package:flutter_tools/src/base/context.dart:153:19)
<asynchronous suspension>
#11     CommandRunner.runCommand (package:args/command_runner.dart:212:13)
<asynchronous suspension>
#12     FlutterCommandRunner.runCommand.<anonymous closure> (package:flutter_tools/src/runner/flutter_command_runner.dart:420:9)
<asynchronous suspension>
#13     AppContext.run.<anonymous closure> (package:flutter_tools/src/base/context.dart:153:19)
<asynchronous suspension>
#14     FlutterCommandRunner.runCommand (package:flutter_tools/src/runner/flutter_command_runner.dart:364:5)
<asynchronous suspension>
#15     run.<anonymous closure>.<anonymous closure> (package:flutter_tools/runner.dart:130:9)
<asynchronous suspension>
#16     AppContext.run.<anonymous closure> (package:flutter_tools/src/base/context.dart:153:19)
<asynchronous suspension>
#17     main (package:flutter_tools/executable.dart:93:3)
<asynchronous suspension>
```

## flutter doctor

```
[✓] Flutter (Channel stable, 3.24.5, on Ubuntu 24.04.4 LTS 6.12.8+, locale en_US)
    • Flutter version 3.24.5 on channel stable at /opt/flutter
    • Upstream repository https://github.com/flutter/flutter.git
    • Framework revision dec2ee5c1f (1 year, 9 months ago), 2024-11-13 11:13:06 -0800
    • Engine revision a18df97ca5
    • Dart version 3.5.4
    • DevTools version 2.37.3

[✓] Android toolchain - develop for Android devices (Android SDK version 34.0.0)
    • Android SDK at /opt/android-sdk
    • Platform android-34, build-tools 34.0.0
    • ANDROID_HOME = /opt/android-sdk
    • ANDROID_SDK_ROOT = /opt/android-sdk
    • Java binary at: /usr/bin/java
    • Java version OpenJDK Runtime Environment (build 21.0.10+7-Ubuntu-124.04)
    • All Android licenses accepted.

[✓] Chrome - develop for the web
    • Chrome at google-chrome

[✗] Linux toolchain - develop for Linux desktop
    • Ubuntu clang version 18.1.3 (1ubuntu1)
    • cmake version 3.28.3
    ✗ ninja is required for Linux development.
      It is likely available from your distribution (e.g.: apt install ninja-build), or can be downloaded from https://github.com/ninja-build/ninja/releases
    • pkg-config version 1.8.1
    ✗ GTK 3.0 development libraries are required for Linux development.
      They are likely available from your distribution (e.g.: apt install libgtk-3-dev)

[!] Android Studio (not installed)
    • Android Studio not found; download from https://developer.android.com/studio/index.html
      (or visit https://flutter.dev/to/linux-android-setup for detailed instructions).

[✓] Connected device (2 available)
    • Linux (desktop) • linux  • linux-x64      • Ubuntu 24.04.4 LTS 6.12.8+
    • Chrome (web)    • chrome • web-javascript • Google Chrome 148.0.7778.167

[✓] Network resources
    • All expected network resources are available.

! Doctor found issues in 2 categories.
```
